---
http_interactions:
- request:
    method: put
    uri: http://backend:5352/source/home:tom/_meta?user=tom
    body:
      encoding: UTF-8
      string: |
        <project name="home:tom">
          <title/>
          <description/>
          <person userid="tom" role="maintainer"/>
        </project>
    headers:
      Accept-Encoding:
      - gzip;q=1.0,deflate;q=0.6,identity;q=0.3
      Accept:
      - "*/*"
      User-Agent:
      - Ruby
  response:
    status:
      code: 200
      message: OK
    headers:
      Content-Type:
      - text/xml
      Cache-Control:
      - no-cache
      Connection:
      - close
      Content-Length:
      - '129'
    body:
      encoding: UTF-8
      string: |
        <project name="home:tom">
          <title></title>
          <description></description>
          <person userid="tom" role="maintainer" />
        </project>
    http_version: 
  recorded_at: Tue, 22 May 2018 09:54:48 GMT
- request:
    method: put
    uri: http://backend:5352/source/home:tom/package_with_files/_meta?user=tom
    body:
      encoding: UTF-8
      string: |
        <package name="package_with_files" project="home:tom">
          <title>The Mirror Crack'd from Side to Side</title>
          <description>Sunt reprehenderit mollitia id.</description>
        </package>
    headers:
      Accept-Encoding:
      - gzip;q=1.0,deflate;q=0.6,identity;q=0.3
      Accept:
      - "*/*"
      User-Agent:
      - Ruby
  response:
    status:
      code: 200
      message: OK
    headers:
      Content-Type:
      - text/xml
      Cache-Control:
      - no-cache
      Connection:
      - close
      Content-Length:
      - '181'
    body:
      encoding: UTF-8
      string: |
        <package name="package_with_files" project="home:tom">
          <title>The Mirror Crack'd from Side to Side</title>
          <description>Sunt reprehenderit mollitia id.</description>
        </package>
    http_version: 
  recorded_at: Tue, 22 May 2018 09:54:48 GMT
- request:
    method: put
    uri: http://backend:5352/source/home:tom/package_with_files/_meta
    body:
      encoding: UTF-8
      string: |
        <package name="package_with_files" project="home:tom">
          <title>The Mirror Crack'd from Side to Side</title>
          <description>Sunt reprehenderit mollitia id.</description>
        </package>
    headers:
      Accept-Encoding:
      - gzip;q=1.0,deflate;q=0.6,identity;q=0.3
      Accept:
      - "*/*"
      User-Agent:
      - Ruby
  response:
    status:
      code: 200
      message: OK
    headers:
      Content-Type:
      - text/xml
      Cache-Control:
      - no-cache
      Connection:
      - close
      Content-Length:
      - '181'
    body:
      encoding: UTF-8
      string: |
        <package name="package_with_files" project="home:tom">
          <title>The Mirror Crack'd from Side to Side</title>
          <description>Sunt reprehenderit mollitia id.</description>
        </package>
    http_version: 
  recorded_at: Tue, 22 May 2018 09:54:48 GMT
- request:
    method: put
    uri: http://backend:5352/source/home:tom/package_with_files/_config
    body:
      encoding: UTF-8
      string: Est dolorem voluptatibus non laudantium. Quae magnam deleniti eius quas
        cum. Placeat occaecati aut molestias nihil architecto et.
    headers:
      Accept-Encoding:
      - gzip;q=1.0,deflate;q=0.6,identity;q=0.3
      Accept:
      - "*/*"
      User-Agent:
      - Ruby
  response:
    status:
      code: 200
      message: OK
    headers:
      Content-Type:
      - text/xml
      Cache-Control:
      - no-cache
      Connection:
      - close
      Content-Length:
      - '209'
    body:
      encoding: UTF-8
      string: |
        <revision rev="16" vrev="16">
          <srcmd5>c4463c2a6ad55b691eae0f325646649d</srcmd5>
          <version>unknown</version>
          <time>1526982888</time>
          <user>unknown</user>
          <comment></comment>
          <requestid/>
        </revision>
    http_version: 
  recorded_at: Tue, 22 May 2018 09:54:48 GMT
- request:
    method: put
    uri: http://backend:5352/source/home:tom/package_with_files/somefile.txt
    body:
      encoding: UTF-8
      string: Id neque aspernatur reprehenderit. Aliquid occaecati explicabo ipsa.
        Accusamus at non ex delectus.
    headers:
      Accept-Encoding:
      - gzip;q=1.0,deflate;q=0.6,identity;q=0.3
      Accept:
      - "*/*"
      User-Agent:
      - Ruby
  response:
    status:
      code: 200
      message: OK
    headers:
      Content-Type:
      - text/xml
      Cache-Control:
      - no-cache
      Connection:
      - close
      Content-Length:
      - '209'
    body:
      encoding: UTF-8
      string: |
        <revision rev="17" vrev="17">
          <srcmd5>c4463c2a6ad55b691eae0f325646649d</srcmd5>
          <version>unknown</version>
          <time>1526982888</time>
          <user>unknown</user>
          <comment></comment>
          <requestid/>
        </revision>
    http_version: 
  recorded_at: Tue, 22 May 2018 09:54:48 GMT
recorded_with: VCR 4.0.0
